F..F..                                                                   [100%]
=================================== FAILURES ===================================
_____________________________ test_nonowner_denied _____________________________

case = (<starlette.testclient.TestClient object at 0x7fa0c64ee720>, {'Authorization': 'Bearer hxFo6llqkVJzSRvXh9EVVCN3WURtlbh...NRGdzt7uc1ha8BSdLLfwrI6DPfeUmi_t998nKf30'}, {'Authorization': 'Bearer 5IbKthAwkFs0rEN4jK4ReCORrlfoywsdSHlh6iCBqas'}, 1)

    def test_nonowner_denied(case):
        c,a,b,admin,i=case
        before=c.get('/invoices',headers=a).json()
        response=c.get(f'/invoices/{i}',headers=b)
>       assert response.status_code==403
E       assert 200 == 403
E        +  where 200 = <Response [200 OK]>.status_code

assurance/test_security.py:5: AssertionError
_________________________ test_nonowner_cannot_delete __________________________

case = (<starlette.testclient.TestClient object at 0x7fa0c64ee720>, {'Authorization': 'Bearer hxFo6llqkVJzSRvXh9EVVCN3WURtlbh...NRGdzt7uc1ha8BSdLLfwrI6DPfeUmi_t998nKf30'}, {'Authorization': 'Bearer 5IbKthAwkFs0rEN4jK4ReCORrlfoywsdSHlh6iCBqas'}, 1)

    def test_nonowner_cannot_delete(case):
        c,a,b,admin,i=case
>       assert c.delete(f'/invoices/{i}',headers=b).status_code==403
E       AssertionError: assert 200 == 403
E        +  where 200 = <Response [200 OK]>.status_code
E        +    where <Response [200 OK]> = delete('/invoices/1', headers={'Authorization': 'Bearer dk3NRGdzt7uc1ha8BSdLLfwrI6DPfeUmi_t998nKf30'})
E        +      where delete = <starlette.testclient.TestClient object at 0x7fa0c64ee720>.delete

assurance/test_security.py:18: AssertionError
=============================== warnings summary ===============================
../../../workspace/scratch/30a3e7f71237/.venv/lib/python3.12/site-packages/fastapi/testclient.py:1
  /workspace/scratch/30a3e7f71237/.venv/lib/python3.12/site-packages/fastapi/testclient.py:1: StarletteDeprecationWarning: Using `httpx` with `starlette.testclient` is deprecated; install `httpx2` instead.
    from starlette.testclient import TestClient as TestClient  # noqa

-- Docs: https://docs.pytest.org/en/stable/how-to/capture-warnings.html
=========================== short test summary info ============================
FAILED assurance/test_security.py::test_nonowner_denied - assert 200 == 403
FAILED assurance/test_security.py::test_nonowner_cannot_delete - AssertionErr...
2 failed, 4 passed, 1 warning in 0.21s
